<html>
<body>
<pre>
<h1>礦ision Build Log</h1>
<h2>Tool Versions:</h2>
IDE-Version: μVision V5.25.2.0
Copyright (C) 2018 ARM Ltd and ARM Germany GmbH. All rights reserved.
License Information: jia aaaa, al, LIC=UB445-G0RF9-8W42D-8XE5G-9TM5L-873CT
 
Tool Versions:
Toolchain:       MDK-ARM Professional  Version: 5.25.2.0
Toolchain Path:  C:\Keil_v5\ARM\ARMCC\Bin
C Compiler:      Armcc.exe V5.06 update 6 (build 750)
Assembler:       Armasm.exe V5.06 update 6 (build 750)
Linker/Locator:  ArmLink.exe V5.06 update 6 (build 750)
Library Manager: ArmAr.exe V5.06 update 6 (build 750)
Hex Converter:   FromElf.exe V5.06 update 6 (build 750)
CPU DLL:         SARMCM3.DLL V5.25.2.0
Dialog DLL:      DCM.DLL V1.17.1.0
Target DLL:      Segger\JL2CM3.dll V2.99.29.0
Dialog DLL:      TCM.DLL V1.35.1.0
 
<h2>Project:</h2>
C:\Users\sz\Desktop\新建文件夹\zhukong\USER\Template.uvprojx
Project File Date:  01/15/2020

<h2>Output:</h2>
*** Using Compiler 'V5.06 update 6 (build 750)', folder: 'C:\Keil_v5\ARM\ARMCC\Bin'
Build target 'Template'
compiling system_stm32f4xx.c...
compiling stm32f4xx_it.c...
compiling main.c...
..\ROUTE\route.h(24): warning:  #1-D: last line of file ends without a newline
   
main.c(211): warning:  #177-D: variable "err"  was declared but never referenced
  	OS_ERR err;
main.c(225): warning:  #177-D: variable "err"  was declared but never referenced
  	OS_ERR err;
main.c(257): warning:  #177-D: variable "err"  was declared but never referenced
  	OS_ERR err;
main.c(259): warning:  #177-D: variable "tp_last"  was declared but never referenced
  	u8 tp_last, key_value, is_key = 0;
main.c: 5 warnings, 0 errors
compiling led.c...
compiling pid.c...
..\ROUTE\route.h(24): warning:  #1-D: last line of file ends without a newline
   
..\MOVE\pid.c: 1 warning, 0 errors
compiling exti.c...
..\ROUTE\route.h(24): warning:  #1-D: last line of file ends without a newline
   
..\HARDWARE\exti.c: 1 warning, 0 errors
compiling key.c...
compiling usart.c...
..\ROUTE\route.h(24): warning:  #1-D: last line of file ends without a newline
   
..\HARDWARE\usart.c: 1 warning, 0 errors
compiling pwm.c...
compiling font.c...
compiling lcd.c...
compiling qei.c...
compiling ccd.c...
compiling touch.c...
..\HARDWARE\touch.c(723): warning:  #177-D: variable "tp_last"  was declared but never referenced
  	u8 tp_last, key_value, is_key = 0;
..\HARDWARE\touch.c(853): warning:  #177-D: variable "tp_last"  was declared but never referenced
  	u8 tp_last, key_value, is_key = 0;
..\HARDWARE\touch.c(1006): warning:  #177-D: variable "tp_last"  was declared but never referenced
  	u8 tp_last, key_value, is_key = 0;
..\HARDWARE\touch.c: 3 warnings, 0 errors
compiling malloc.c...
compiling sram.c...
compiling sdio_sdcard.c...
compiling timer.c...
..\ROUTE\route.h(24): warning:  #1-D: last line of file ends without a newline
   
..\HARDWARE\timer.c: 1 warning, 0 errors
compiling can_database.c...
..\ROUTE\route.h(24): warning:  #1-D: last line of file ends without a newline
   
..\HARDWARE\can_database.c: 1 warning, 0 errors
compiling can.c...
..\ROUTE\route.h(24): warning:  #1-D: last line of file ends without a newline
   
..\HARDWARE\can.c: 1 warning, 0 errors
compiling omvi2c.c...
compiling mpuiic.c...
compiling mpu9250.c...
compiling motor.c...
compiling M_List.c...
compiling M_Func.c...
compiling M_Sys.c...
..\ROUTE\route.h(24): warning:  #1-D: last line of file ends without a newline
   
..\MENU\M_Sys.c(71): warning:  #177-D: variable "tp_last"  was declared but never referenced
  	u8 tp_last, key_value, i, is_key = 0;
..\MENU\M_Sys.c(177): warning:  #177-D: variable "tp_last"  was declared but never referenced
  	u8 tp_last, key_value, i, is_key = 0;
..\MENU\M_Sys.c(177): warning:  #177-D: variable "i"  was declared but never referenced
  	u8 tp_last, key_value, i, is_key = 0;
..\MENU\M_Sys.c(274): warning:  #177-D: variable "tp_last"  was declared but never referenced
  	u8 tp_last, key_value, i, is_key = 0;
..\MENU\M_Sys.c(274): warning:  #177-D: variable "i"  was declared but never referenced
  	u8 tp_last, key_value, i, is_key = 0;
..\MENU\M_Sys.c(378): warning:  #177-D: variable "tp_last"  was declared but never referenced
  	u8 tp_last, key_value, i, is_key = 0;
..\MENU\M_Sys.c(378): warning:  #177-D: variable "i"  was declared but never referenced
  	u8 tp_last, key_value, i, is_key = 0;
..\MENU\M_Sys.c(460): warning:  #177-D: variable "tp_last"  was declared but never referenced
  	u8 tp_last, key_value, i, is_key = 0;
..\MENU\M_Sys.c(460): warning:  #177-D: variable "i"  was declared but never referenced
  	u8 tp_last, key_value, i, is_key = 0;
..\MENU\M_Sys.c(542): warning:  #177-D: variable "tp_last"  was declared but never referenced
  	u8 tp_last, key_value, i, is_key = 0;
..\MENU\M_Sys.c(542): warning:  #177-D: variable "i"  was declared but never referenced
  	u8 tp_last, key_value, i, is_key = 0;
..\MENU\M_Sys.c(629): warning:  #177-D: variable "tp_last"  was declared but never referenced
  	u8 tp_last, key_value, i, is_key = 0;
..\MENU\M_Sys.c(629): warning:  #177-D: variable "i"  was declared but never referenced
  	u8 tp_last, key_value, i, is_key = 0;
..\MENU\M_Sys.c(694): warning:  #177-D: variable "tp_last"  was declared but never referenced
  	u8 tp_last, key_value, i, is_key = 0;
..\MENU\M_Sys.c(694): warning:  #177-D: variable "i"  was declared but never referenced
  	u8 tp_last, key_value, i, is_key = 0;
..\MENU\M_Sys.c(767): warning:  #177-D: variable "tp_last"  was declared but never referenced
  		u8 tp_last, key_value, i, is_key = 0;
..\MENU\M_Sys.c(767): warning:  #177-D: variable "i"  was declared but never referenced
  		u8 tp_last, key_value, i, is_key = 0;
..\MENU\M_Sys.c(814): warning:  #177-D: variable "tp_last"  was declared but never referenced
  	u8 tp_last, key_value, i, is_key = 0;
..\MENU\M_Sys.c(814): warning:  #177-D: variable "i"  was declared but never referenced
  	u8 tp_last, key_value, i, is_key = 0;
..\MENU\M_Sys.c(895): warning:  #1-D: last line of file ends without a newline
  }
..\MENU\M_Sys.c(856): warning:  #177-D: variable "tp_last"  was declared but never referenced
     u8 tp_last, key_value, i, is_key = 0;
..\MENU\M_Sys.c(856): warning:  #177-D: variable "i"  was declared but never referenced
     u8 tp_last, key_value, i, is_key = 0;
..\MENU\M_Sys.c: 23 warnings, 0 errors
compiling mymath.c...
compiling exfuns.c...
compiling diskio.c...
compiling ff.c...
compiling cc936.c...
compiling sys.c...
compiling misc.c...
compiling delay.c...
compiling stm32f4xx_adc.c...
compiling stm32f4xx_crc.c...
compiling stm32f4xx_can.c...
compiling stm32f4xx_cryp_des.c...
compiling stm32f4xx_cryp.c...
compiling stm32f4xx_cryp_aes.c...
compiling stm32f4xx_cryp_tdes.c...
compiling stm32f4xx_dac.c...
compiling stm32f4xx_dbgmcu.c...
compiling stm32f4xx_dcmi.c...
compiling stm32f4xx_dma.c...
compiling stm32f4xx_dma2d.c...
compiling stm32f4xx_exti.c...
compiling stm32f4xx_flash_ramfunc.c...
compiling stm32f4xx_flash.c...
compiling stm32f4xx_gpio.c...
compiling stm32f4xx_hash.c...
compiling stm32f4xx_fsmc.c...
compiling stm32f4xx_hash_sha1.c...
compiling stm32f4xx_hash_md5.c...
compiling stm32f4xx_i2c.c...
compiling stm32f4xx_iwdg.c...
compiling stm32f4xx_pwr.c...
compiling stm32f4xx_ltdc.c...
compiling stm32f4xx_rng.c...
compiling stm32f4xx_rcc.c...
compiling stm32f4xx_rtc.c...
compiling stm32f4xx_sai.c...
compiling stm32f4xx_sdio.c...
compiling stm32f4xx_spi.c...
compiling stm32f4xx_syscfg.c...
compiling stm32f4xx_tim.c...
compiling stm32f4xx_usart.c...
compiling stm32f4xx_wwdg.c...
compiling inv_mpu_dmp_motion_driver.c...
compiling eMPL_outputs.c...
compiling inv_mpu.c...
compiling hal_outputs.c...
compiling log_stm32.c...
compiling data_builder.c...
compiling message_layer.c...
compiling mlmath.c...
compiling ml_math_func.c...
compiling mpl.c...
compiling results_holder.c...
compiling start_manager.c...
compiling storage_manager.c...
compiling cpu_core.c...
compiling cpu_c.c...
compiling lib_ascii.c...
compiling lib_math.c...
compiling lib_mem.c...
compiling bsp.c...
compiling os_cfg_app.c...
compiling lib_str.c...
compiling os_dbg.c...
compiling os_core.c...
compiling os_flag.c...
compiling os_int.c...
compiling os_mem.c...
compiling os_msg.c...
compiling os_pend_multi.c...
compiling os_mutex.c...
compiling os_prio.c...
compiling os_q.c...
compiling os_sem.c...
compiling os_stat.c...
compiling os_tick.c...
compiling os_task.c...
compiling os_time.c...
compiling os_tmr.c...
compiling os_var.c...
compiling os_app_hooks.c...
compiling os_cpu_c.c...
compiling gyro.c...
..\ROUTE\route.h(24): warning:  #1-D: last line of file ends without a newline
   
..\GPS\gyro.c(14): warning:  #177-D: variable "tp_last"  was declared but never referenced
  		u8 tp_last, key_value, i=0, is_key = 0;
..\GPS\gyro.c(227): warning:  #177-D: variable "tp_last"  was declared but never referenced
  {  	u8 tp_last, key_value, i=0, is_key = 0;
..\GPS\gyro.c(227): warning:  #177-D: variable "i"  was declared but never referenced
  {  	u8 tp_last, key_value, i=0, is_key = 0;
..\GPS\gyro.c(322): warning:  #1-D: last line of file ends without a newline
  }
..\GPS\gyro.c(268): warning:  #177-D: variable "tp_last"  was declared but never referenced
  		u8 tp_last, key_value, i=0, is_key = 0;
..\GPS\gyro.c(268): warning:  #177-D: variable "i"  was declared but never referenced
  		u8 tp_last, key_value, i=0, is_key = 0;
..\GPS\gyro.c: 7 warnings, 0 errors
compiling command.c...
..\ROUTE\route.h(24): warning:  #1-D: last line of file ends without a newline
   
..\GPS\command.c: 1 warning, 0 errors
compiling gps.c...
..\ROUTE\route.h(24): warning:  #1-D: last line of file ends without a newline
   
..\GPS\gps.c: 1 warning, 0 errors
compiling machine.c...
..\ROUTE\route.h(24): warning:  #1-D: last line of file ends without a newline
   
..\ROUTE\machine.c: 1 warning, 0 errors
compiling encoder.c...
..\ROUTE\route.h(24): warning:  #1-D: last line of file ends without a newline
   
..\GPS\encoder.c(14): warning:  #177-D: variable "tp_last"  was declared but never referenced
  	u8 tp_last, key_value, i=0, is_key = 0;
..\GPS\encoder.c(162): warning:  #177-D: variable "tp_last"  was declared but never referenced
  	u8 tp_last, key_value, i=0, is_key = 0;
..\GPS\encoder.c(282): warning:  #177-D: variable "tp_last"  was declared but never referenced
  	u8 tp_last, key_value, i=0, is_key = 0;
..\GPS\encoder.c(282): warning:  #177-D: variable "i"  was declared but never referenced
  	u8 tp_last, key_value, i=0, is_key = 0;
..\GPS\encoder.c(311): warning:  #1-D: last line of file ends without a newline
  }
..\GPS\encoder.c: 6 warnings, 0 errors
compiling PointRoute.c...
compiling pointpath.c...
..\ROUTE\route.h(24): warning:  #1-D: last line of file ends without a newline
   
..\ROUTE\pointpath.c(49): warning:  #1-D: last line of file ends without a newline
  		  
..\ROUTE\pointpath.c: 2 warnings, 0 errors
compiling route.c...
..\ROUTE\route.h(24): warning:  #1-D: last line of file ends without a newline
   
..\ROUTE\route.c: 1 warning, 0 errors
linking...
Program Size: Code=53216 RO-data=1804 RW-data=4232 ZI-data=1236352  
FromELF: creating hex file...
"..\OBJ\Template.axf" - 0 Error(s), 56 Warning(s).

<h2>Software Packages used:</h2>

Package Vendor: Keil
                http://www.keil.com/pack/Keil.STM32F4xx_DFP.2.7.0.pack
                Keil.STM32F4xx_DFP.2.7.0
                STMicroelectronics STM32F4 Series Device Support, Drivers and Examples

<h2>Collection of Component include folders:</h2>
  .\RTE\_Template
  C:\Keil_v5\ARM\PACK\Keil\STM32F4xx_DFP\2.7.0\Drivers\CMSIS\Device\ST\STM32F4xx\Include

<h2>Collection of Component Files used:</h2>
Build Time Elapsed:  00:01:13
</pre>
</body>
</html>
